---
source: zebra-rpc/src/methods/tests/snapshot.rs
assertion_line: 177
expression: info
---
{
  "build": "vRPC test",
  "subversion": "[SubVersion]"
}
