---
source: zebra-rpc/src/methods/tests/snapshot.rs
assertion_line: 237
expression: raw_mempool
---
[]
