---
source: zebra-rpc/src/methods/tests/snapshot.rs
assertion_line: 204
expression: address_balance
---
{
  "balance": 10000000000000000
}
