---
source: zebra-rpc/src/methods/tests/snapshot.rs
assertion_line: 214
expression: block
---
"[BlockData]"
